if c.1 then do
  t.1
else e.1
if c.1 then do
  t.1;
  t.1
else e.1
if c.1 then do
  t.1
else do
  e.1
if let x.1 := c.1 then do
  t.1
else do
  e.1
if c.1 then do
  t.1
else
  if c.1 then do
    t.1
  else do
    e.1
do
  if c.1 then 
    t.1
  else
    e.1
do
  if c.1 then 
    t.1
  else if c.1 then
    t.1
  else
    e.1
