hi!
<stdin>:1:0: warning: using 'exit' to interrupt Lean
1
0
"ho!\n"
"hu!\n"
flush of broken pipe failed
100001
100000
0
0
0
0
